[bfarm.com/index.html]
[backblue.gif]
[fade.gif]
[index.html]
[bfarm.com/wp-content/uploads/2023/06/favicon.png]
[use.typekit.net/llu2hoz.css]
[bfarm.com/wp-includes/css/dist/block-library/style.min6c2d.css]
[bfarm.com/wp-content/themes/bowles/style.css]
[bfarm.com/wp-content/uploads/2023/06/logo-bowles.svg]
[bfarm.com/wp-content/themes/bowles/assets/images/bg-header.png]
[bfarm.com/privacy-policy/index.html]
[bfarm.com/wp-content/uploads/2023/06/our-crops-background.png]
[bfarm.com/our-history/index.html]
[bfarm.com/our-expert-team/index.html]
[bfarm.com/about/index.html]
[bfarm.com/wp-content/uploads/2023/06/Group-236.svg]
[bfarm.com/our-community/index.html]
[bfarm.com/our-crops/index.html]
[bfarm.com/wp-content/uploads/2023/06/Group-238.svg]
[bfarm.com/california-crops/index.html]
[bfarm.com/wp-content/uploads/2023/06/Group-239.svg]
[bfarm.com/cotton/index.html]
[bfarm.com/organic-crops/index.html]
[bfarm.com/crop-partners/index.html]
[bfarm.com/wp-includes/js/dist/hooks.min4fdd.js]
[bfarm.com/stewardship/index.html]
[bfarm.com/wp-includes/js/dist/i18n.minc33c.js]
[bfarm.com/the-land/index.html]
[bfarm.com/renewable-energy/index.html]
[bfarm.com/our-employees/index.html]
[bfarm.com/farm-management/index.html]
[bfarm.com/wp-content/plugins/contact-form-7/includes/swv/js/indexfc7a.js]
[bfarm.com/news/index.html]
[bfarm.com/rebecca-burgesss-quest-to-transform-cotton-into-a-regenerative-crop/index.html]
[bfarm.com/wp-content/plugins/contact-form-7/includes/js/indexfc7a.js]
[bfarm.com/contact/index.html]
[bfarm.com/farm-tech-depends-on-broadband-access/index.html]
[bfarm.com/index.html]
[bfarm.com/how-bowles-farming-company-supports-people-and-birds-even-during-a-pandemic/index.html]
[bfarm.com/terms-of-service/index.html]
[bfarm.com/wp-content/themes/bowles/main68b3.js]
[use.typekit.net/af/912a6a/00000000000000007735fae9/30/le196]
[use.typekit.net/af/912a6a/00000000000000007735fae9/30/de196]
[use.typekit.net/af/912a6a/00000000000000007735fae9/30/ae196]
[use.typekit.net/af/c2fe50/00000000000000007735faea/30/le003]
[use.typekit.net/af/c2fe50/00000000000000007735faea/30/de003]
[use.typekit.net/af/c2fe50/00000000000000007735faea/30/ae003]
[use.typekit.net/af/91edd4/00000000000000007735faeb/30/l5bba]
[use.typekit.net/af/91edd4/00000000000000007735faeb/30/d5bba]
[use.typekit.net/af/91edd4/00000000000000007735faeb/30/a5bba]
[use.typekit.net/af/f3b3e0/00000000000000007735faec/30/l652f]
[use.typekit.net/af/f3b3e0/00000000000000007735faec/30/d652f]
[use.typekit.net/af/f3b3e0/00000000000000007735faec/30/a652f]
[use.typekit.net/af/a214a0/00000000000000007735faed/30/l7238]
[use.typekit.net/af/a214a0/00000000000000007735faed/30/d7238]
[use.typekit.net/af/a214a0/00000000000000007735faed/30/a7238]
[use.typekit.net/af/49e098/00000000000000007735faef/30/lc150]
[use.typekit.net/af/49e098/00000000000000007735faef/30/dc150]
[use.typekit.net/af/49e098/00000000000000007735faef/30/ac150]
[use.typekit.net/af/028cec/0000000000000000774b9f45/30/lca71]
[use.typekit.net/af/028cec/0000000000000000774b9f45/30/dca71]
[use.typekit.net/llu2hoz.css]
[bfarm.com/wp-includes/css/dist/block-library/style.min6c2d.css]
[use.typekit.net/af/028cec/0000000000000000774b9f45/30/aca71]
[bfarm.com/wp-content/themes/bowles/assets/fonts/Muli-ExtraLight.ttf]
[bfarm.com/wp-content/themes/bowles/assets/fonts/Muli-Light.ttf]
[bfarm.com/wp-content/themes/bowles/assets/fonts/Muli.ttf]
[bfarm.com/wp-content/themes/bowles/assets/fonts/Muli-SemiBold.ttf]
[bfarm.com/wp-content/themes/bowles/assets/fonts/Muli-Bold.ttf]
[bfarm.com/wp-content/themes/bowles/assets/fonts/fa-solid-900.eot]
[bfarm.com/wp-content/themes/bowles/assets/fonts/fa-solid-900d41d.eot]
[bfarm.com/wp-content/themes/bowles/assets/fonts/fa-solid-900.woff2]
[bfarm.com/wp-content/themes/bowles/assets/fonts/fa-solid-900.woff]
[bfarm.com/wp-content/themes/bowles/assets/fonts/fa-solid-900.ttf]
[bfarm.com/wp-content/themes/bowles/assets/fonts/fa-regular-400.eot]
[bfarm.com/wp-content/themes/bowles/assets/fonts/fa-regular-400d41d.eot]
[bfarm.com/wp-content/themes/bowles/assets/fonts/fa-regular-400.woff2]
[bfarm.com/wp-content/themes/bowles/assets/fonts/fa-regular-400.woff]
[bfarm.com/wp-content/themes/bowles/assets/fonts/fa-regular-400.ttf]
[bfarm.com/wp-content/themes/bowles/assets/fonts/fa-brands-400.eot]
[bfarm.com/wp-content/themes/bowles/assets/fonts/fa-brands-400d41d.eot]
[bfarm.com/wp-content/themes/bowles/assets/fonts/fa-brands-400.woff2]
[bfarm.com/wp-content/themes/bowles/assets/fonts/fa-brands-400.woff]
[bfarm.com/wp-content/themes/bowles/style.css]
[bfarm.com/wp-content/uploads/2023/06/logo-bowles.svg]
[bfarm.com/wp-content/uploads/2023/06/4826_p1_20210709RuralBroadbandKWH-6-2_fmt.jpg]
[bfarm.com/privacy-policy/index.html]
[bfarm.com/wp-content/themes/bowles/assets/fonts/fa-brands-400.ttf]
[bfarm.com/wp-content/plugins/elementor/assets/lib/eicons/css/elementor-icons.minf25c.css]
[bfarm.com/wp-content/plugins/elementor/assets/css/frontend.min3ea8.css]
[bfarm.com/wp-content/uploads/elementor/css/post-873b863.css]
[bfarm.com/wp-content/plugins/elementor-pro/assets/css/frontend.min28fc.css]
[bfarm.com/wp-content/uploads/2023/07/bowles-about-1.png]
[bfarm.com/wp-content/uploads/2023/06/Image-2-7.png]
[bfarm.com/wp-content/uploads/2023/06/Image-3-5.png]
[bfarm.com/wp-content/uploads/2023/06/Image-2-1.png]
[bfarm.com/wp-content/uploads/2023/06/Image-5-3.png]
[bfarm.com/wp-content/uploads/2023/06/Image-6-2.png]
[bfarm.com/wp-content/uploads/2023/06/Image-42.png]
[bfarm.com/wp-content/uploads/2023/06/Image-1-9.png]
[bfarm.com/wp-content/uploads/2023/06/Image-7-3.png]
[bfarm.com/about/index.html]
[bfarm.com/wp-content/uploads/2023/07/Image-11.png]
[bfarm.com/our-history/index.html]
[bfarm.com/wp-content/uploads/2023/06/Image-12.png]
[bfarm.com/our-expert-team/index.html]
[bfarm.com/wp-content/uploads/2024/02/photo-of-harvesting-equipment-in-a-field.jpg]
[bfarm.com/wp-content/uploads/2023/11/Image2.png]
[bfarm.com/our-community/index.html]
[bfarm.com/wp-content/uploads/2024/05/DJI_0796-2-scaled-e1715897858792.jpg]
[bfarm.com/our-crops/index.html]
[bfarm.com/wp-content/uploads/2023/07/Image-12.png]
[bfarm.com/wp-content/uploads/2023/08/Image3.png]
[bfarm.com/wp-content/uploads/2023/08/Image1.png]
[bfarm.com/wp-content/uploads/2023/08/Image.png]
[bfarm.com/california-crops/index.html]
[bfarm.com/wp-content/uploads/2023/11/Image-background-1.png]
[bfarm.com/cotton/index.html]
[bfarm.com/wp-content/uploads/2023/06/Image12.png]
[bfarm.com/organic-crops/index.html]
[bfarm.com/wp-content/uploads/2023/07/Image-13.png]
[bfarm.com/crop-partners/index.html]
[bfarm.com/wp-content/uploads/2023/06/bg-stewardship.png]
[bfarm.com/stewardship/index.html]
[bfarm.com/wp-content/uploads/2023/06/Image-4.png]
[bfarm.com/the-land/index.html]
[bfarm.com/wp-content/uploads/2023/06/Image-40.png]
[bfarm.com/wp-content/uploads/2023/06/Group-236-1.svg]
[bfarm.com/wp-content/uploads/2023/06/Group-238-1.svg]
[bfarm.com/renewable-energy/index.html]
[bfarm.com/wp-content/uploads/2023/06/Group-239-1.svg]
[bfarm.com/wp-content/uploads/2023/06/Image-9.png]
[bfarm.com/our-employees/index.html]
[bfarm.com/wp-content/uploads/2023/06/farm-management.png]
[bfarm.com/wp-content/uploads/2023/11/image.png]
[bfarm.com/wp-content/uploads/2023/11/image-2.png]
[bfarm.com/farm-management/index.html]
[bfarm.com/wp-content/uploads/2023/06/news-bowles.png]
[bfarm.com/category/farming/index.html]
[bfarm.com/category/industry/index.html]
[bfarm.com/category/innovation/index.html]
[bfarm.com/category/partners/index.html]
[bfarm.com/wp-content/plugins/akismet/_inc/akismet-frontendd888.js]
[bfarm.com/news/index.html]
[bfarm.com/category/press/index.html]
[bfarm.com/category/uncategorized/index.html]
[bfarm.com/owyhee-produce-partners-with-bowles-farming-in-central-valley/index.html]
[bfarm.com/bowles-farming-planted-hemp-in-2019-heres-what-they-learned/index.html]
[bfarm.com/wp-content/uploads/2023/06/contact-bg-1-1.png]
[bfarm.com/watch-the-food-supply-chain-breakdown/index.html]
[bfarm.com/kcwas-2020-water-summit-focuses-on-presidents-memo-on-water-allocation-and-fish/index.html]
[bfarm.com/cdn-cgi/l/email-protection.html]
[bfarm.com/native-plants-for-textiles-3-bast-fibers-to-know-beyond-hemp-and-flax/index.html]
[bfarm.com/farmers-discuss-changes-brought-by-technology/index.html]
[bfarm.com/labor-regulations-impact-farmers/index.html]
[bfarm.com/news/page/2/index.html]
[bfarm.com/cdn-cgi/scripts/5c5dd728/cloudflare-static/email-decode.min.js]
[bfarm.com/contact/index.html]
[bfarm.com/wp-content/uploads/2023/06/Group-236.svg]
[bfarm.com/wp-content/uploads/2023/06/Group-238.svg]
[bfarm.com/wp-content/uploads/2023/06/Group-239.svg]
[bfarm.com/news/page/4/index.html]
[bfarm.com/news/page/3/index.html]
[bfarm.com/perguntas-frequentes]
[images.squarespace-cdn.com/content/v1/5c2ea040ec4eb77e428a1d82/1631200764926-H83ICY47A9DGP47B3HOZ/047-BowlesFibershed08062018paigegreen-1024x683-126f7.jpg]
[images.squarespace-cdn.com/content/v1/5c2ea040ec4eb77e428a1d82/1631200917016-EPNYS63WRN64HOR1AZAV/055-BowlesFibershed08062018paigegreen-1024x683-126f7.jpg]
[images.squarespace-cdn.com/content/v1/5c2ea040ec4eb77e428a1d82/1631201107100-R9WX7ZBVVVWWBHD7GJVK/058-BowlesFibershed08062018paigegreen-1024x683-126f7.jpg]
[bfarm.com/rebecca-burgesss-quest-to-transform-cotton-into-a-regenerative-crop/index.html]
[images.squarespace-cdn.com/content/v1/5c2ea040ec4eb77e428a1d82/1630103121502-XQGJGB6EFA9KXXXCYNHL/technology274f.jpg]
[bfarm.com/farm-tech-depends-on-broadband-access/index.html]
[images.squarespace-cdn.com/content/v1/5c2ea040ec4eb77e428a1d82/1593033000613-G4YSAJ54U1DWOIZ3XK2E/cannon_michael3794.jpg]
[bfarm.com/how-bowles-farming-company-supports-people-and-birds-even-during-a-pandemic/index.html]
[bfarm.com/terms-of-service/index.html]
[p.typekit.net/p8f96.css]
[bfarm.com/index2207.html]
[bfarm.com/wp-content/plugins/elementor/assets/lib/eicons/fonts/eicons6feb.eot]
[bfarm.com/wp-content/plugins/elementor/assets/lib/eicons/fonts/eicons6feb.woff2]
[bfarm.com/wp-content/plugins/elementor/assets/lib/eicons/fonts/eicons6feb.woff]
[bfarm.com/wp-content/plugins/elementor/assets/lib/eicons/fonts/eicons6feb.ttf]
[bfarm.com/wp-content/plugins/elementor/assets/lib/eicons/css/elementor-icons.minf25c.css]
[bfarm.com/wp-content/plugins/elementor/assets/css/frontend.min3ea8.css]
[bfarm.com/wp-content/uploads/elementor/css/post-873b863.css]
[bfarm.com/wp-content/plugins/elementor-pro/assets/css/frontend.min28fc.css]
[bfarm.com/indexd89d.html]
[bfarm.com/index9e38.html]
[bfarm.com/index4e57.html]
[bfarm.com/index9a9b.html]
[bfarm.com/indexb950.html]
[bfarm.com/indexf7f8.html]
[bfarm.com/index7b0e.html]
[bfarm.com/indexe703.html]
[bfarm.com/index61a9.html]
[bfarm.com/indexc9bf.html]
[bfarm.com/indexbc6e.html]
[bfarm.com/indexfc9a.html]
[bfarm.com/wp-content/uploads/2023/06/Group-236-1.svg]
[bfarm.com/wp-content/uploads/2023/06/Group-238-1.svg]
[bfarm.com/wp-content/uploads/2023/06/Group-239-1.svg]
[bfarm.com/index1dc8.html]
[bfarm.com/indexcb8c.html]
[bfarm.com/wp-content/plugins/elementor/assets/lib/eicons/fonts/eicons6feb.svg]
[bfarm.com/wp-content/uploads/2023/06/059-BowlesFibershed08062018paigegreen-1024x683-1.jpg]
[bfarm.com/category/farming/index.html]
[bfarm.com/wp-content/uploads/2023/06/weki_bowles_farming_2020.jpg]
[bfarm.com/category/industry/index.html]
[bfarm.com/category/innovation/index.html]
[bfarm.com/category/partners/index.html]
[bfarm.com/category/press/index.html]
[bfarm.com/wp-content/uploads/2023/09/2fee3854-686e-434e-a1b8-3e9f76b486e5-large16x9_WATERSUMMIT.jpg]
[bfarm.com/food-safety-vs-biodiversity/index.html]
[bfarm.com/category/uncategorized/index.html]
[bfarm.com/wildlife-conservation-board-funds-environmental-improvement-and-acquisition-projects/index.html]
[bfarm.com/farmers-plant-milkweed-for-native-pollinator-habitat/index.html]
[bfarm.com/connect-helps-you-cultivate-relationships-and-build-your-business/index.html]
[bfarm.com/commentary-to-advance-agriculture-we-must-break-down-silos/index.html]
[bfarm.com/california-cotton-fields-can-cotton-be-climate-beneficial/index.html]
[bfarm.com/category/uncategorized/page/2/index.html]
[bfarm.com/category/uncategorized/page/3/index.html]
[bfarm.com/wp-content/plugins/elementor/assets/lib/font-awesome/css/fontawesome.min52d5.css]
[bfarm.com/wp-content/plugins/elementor/assets/lib/font-awesome/css/regular.min52d5.css]
[bfarm.com/wp-content/plugins/elementor/assets/lib/font-awesome/css/solid.min52d5.css]
[bfarm.com/wp-content/plugins/elementor/assets/css/widget-heading.min3ea8.css]
[bfarm.com/wp-content/plugins/elementor/assets/css/widget-image.min3ea8.css]
[bfarm.com/wp-content/plugins/elementor/assets/css/widget-text-editor.min3ea8.css]
[bfarm.com/wp-content/plugins/elementor/assets/lib/swiper/v8/css/swiper.min94a4.css]
[bfarm.com/wp-content/plugins/elementor/assets/css/conditionals/e-swiper.min3ea8.css]
[bfarm.com/wp-content/plugins/elementor/assets/css/widget-image-gallery.min3ea8.css]
[bfarm.com/wp-content/uploads/elementor/css/post-8421d98.css]
[bfarm.com/wp-content/uploads/2023/09/Story-Owyhee-Bowles.jpg]
[bfarm.com/wp-content/uploads/2023/09/IMG-4384.jpg]
[bfarm.com/wp-content/uploads/2023/09/IMG-4384-500x373.jpg]
[bfarm.com/wp-content/uploads/2023/09/IMG-4389.jpg]
[bfarm.com/wp-content/uploads/2023/09/IMG-4389-500x373.jpg]
[bfarm.com/wp-content/uploads/2023/09/IMG-4385.jpg]
[bfarm.com/wp-content/uploads/2023/09/IMG-4385-565x373.jpg]
[bfarm.com/wp-content/uploads/2023/09/IMG-4386.jpg]
[bfarm.com/wp-content/uploads/2023/09/IMG-4386-565x373.jpg]
[bfarm.com/wp-content/uploads/2023/09/IMG-4392.jpg]
[bfarm.com/wp-content/uploads/2023/09/IMG-4392-565x373.jpg]
[bfarm.com/wp-content/uploads/2023/09/IMG-4391.jpg]
[bfarm.com/wp-content/uploads/2023/09/IMG-4391-565x373.jpg]
[bfarm.com/wp-content/uploads/2023/09/IMG-4390.jpg]
[bfarm.com/wp-content/uploads/2023/09/IMG-4390-565x373.jpg]
[bfarm.com/wp-content/plugins/elementor/assets/lib/swiper/v8/swiper.min94a4.js]
[bfarm.com/wp-content/plugins/elementor-pro/assets/js/webpack-pro.runtime.min28fc.js]
[bfarm.com/wp-content/plugins/elementor/assets/js/webpack.runtime.min3ea8.js]
[bfarm.com/wp-includes/js/jquery/jquery.minf43b.js]
[bfarm.com/wp-includes/js/jquery/jquery-migrate.min5589.js]
[bfarm.com/wp-content/plugins/elementor/assets/js/frontend-modules.min3ea8.js]
[bfarm.com/wp-content/plugins/elementor-pro/assets/js/frontend.min28fc.js]
[bfarm.com/wp-includes/js/jquery/ui/core.minb37e.js]
[bfarm.com/wp-content/plugins/elementor/assets/js/frontend.min3ea8.js]
[bfarm.com/owyhee-produce-partners-with-bowles-farming-in-central-valley/index.html]
[bfarm.com/wp-content/plugins/elementor-pro/assets/js/elements-handlers.min28fc.js]
[bfarm.com/wp-content/uploads/elementor/css/post-8601d98.css]
[bfarm.com/wp-content/uploads/2023/09/Industrial-Hemp.-Photo-by-Marcia-OConnor.jpg]
[bfarm.com/bowles-farming-planted-hemp-in-2019-heres-what-they-learned/index.html]
[bfarm.com/wp-content/plugins/elementor/assets/css/widget-video.min3ea8.css]
[bfarm.com/wp-content/uploads/elementor/css/post-8661d98.css]
[bfarm.com/wp-content/uploads/2023/09/coronavius-farmworkers-food-supply.jpg]
[bfarm.com/watch-the-food-supply-chain-breakdown/index.html]
[bfarm.com/kcwas-2020-water-summit-focuses-on-presidents-memo-on-water-allocation-and-fish/index.html]
[bfarm.com/wp-content/uploads/elementor/css/post-9241d98.css]
[bfarm.com/wp-content/uploads/elementor/css/post-9311d98.css]
[bfarm.com/wp-content/uploads/2023/09/native-bast-collage1.jpg]
[bfarm.com/wp-content/uploads/2023/09/native-bast-collage2.jpg]
[bfarm.com/wp-content/uploads/2023/09/native-bast-collage3.jpg]
[bfarm.com/wp-content/uploads/2023/09/native-bast-collage4.jpg]
[bfarm.com/wp-content/uploads/2023/09/native-bast-collage5.jpg]
[bfarm.com/wp-content/uploads/2023/09/native-bast-collage6-1.jpg]
[bfarm.com/wp-content/uploads/2023/09/native-bast-collage7.jpg]
[bfarm.com/native-plants-for-textiles-3-bast-fibers-to-know-beyond-hemp-and-flax/index.html]
[bfarm.com/wp-content/uploads/elementor/css/post-9457e6f.css]
[bfarm.com/wp-content/uploads/2023/09/4706_p14_20200206AgTechModestoKWH72.jpg]
[bfarm.com/farmers-discuss-changes-brought-by-technology/index.html]
[bfarm.com/wp-content/uploads/elementor/css/post-9527e6f.css]
[bfarm.com/wp-content/uploads/2023/09/report_5e2672b4b454b104643729_1920_1080-565x373.jpg]
[bfarm.com/wp-content/uploads/2023/09/user_5db8744c65c9e803206005_300_300.jpg]
[bfarm.com/labor-regulations-impact-farmers/index.html]
[bfarm.com/study-shows-tons-of-unharvested-produce-in-california-left-to-rot-in-the-fields/index.html]
[bfarm.com/new-u-s-hemp-lobby-formed-as-research-reveals-industrys-potential/index.html]
[bfarm.com/news/page/2/index.html]
[bfarm.com/new-hemp-federation-heads-to-dc-as-farmers-face-lack-of-markets/index.html]
[bfarm.com/making-a-positive-difference-for-the-valley-mark-borba-named-agriculturalist-of-the-year/index.html]
[bfarm.com/news/page/3/index.html]
[bfarm.com/fresno-chamber-of-commerce-honors-agriculturalists-during-annual-luncheon/index.html]
[bfarm.com/california-cotton-fields-scaling-carbon-farming-practices-with-bowles-farming-company/index.html]
[bfarm.com/new-hemp-trade-group-presses-lawmakers-on-immigration-reform-regs/index.html]
[bfarm.com/california-families-at-risk-for-hunger-while-a-third-of-crops-left-to-rot-on-farms/index.html]
[bfarm.com/how-a-big-farm-guards-its-delicate-ecosystem/index.html]
[bfarm.com/bowles-farming-company-finds-leaders-from-within/index.html]
[bfarm.com/news/page/4/index.html]
[bfarm.com/ucce-helps-farmers-see-the-potential-in-agricultural-use-of-drones/index.html]
[bfarm.com/our-solar-project/index.html]
[bfarm.com/watermelon-harvest-packing/index.html]
[bfarm.com/index0ed6.html]
[bfarm.com/cdn-cgi/l/email-protection.html]
[bfarm.com/index1c00.html]
[bfarm.com/perguntas-frequentes.html]
[bfarm.com/index8b4e.html]
[bfarm.com/indexd52d.html]
[bfarm.com/index3e90.html]
[bfarm.com/wp-content/plugins/elementor/assets/lib/eicons/fonts/eicons6feb.svg]
[bfarm.com/basil-harvesting-processing/index.html]
[bfarm.com/environmental-defense-fund-picks-cannons-thoughts/index.html]
[bfarm.com/trumps-trade-policies-worry-u-s-cotton-farmers/index.html]
[bfarm.com/wp-content/uploads/elementor/css/post-9639cde.css]
[bfarm.com/wp-content/uploads/2023/09/report_5e37a6c53ced8895552499_1920_1080-565x373.jpg]
[bfarm.com/food-safety-vs-biodiversity/index.html]
[bfarm.com/wp-content/uploads/elementor/css/post-986dec4.css]
[bfarm.com/wp-content/uploads/2023/09/Sierra-Nevadas-near-Squaw-Valley-cropped-to-feature-size.jpg]
[bfarm.com/wp-content/uploads/2023/09/Chris-Hale-of-PureCrop1-and-Todd-Brendlin-of-Grimmway-Farms.jpg]
[bfarm.com/wp-content/uploads/2023/09/Denver-Schutz-of-Gerawan-Farming-and-Deac-Jones-of-Andaman-Ag-Corporation.jpg]
[bfarm.com/connect-helps-you-cultivate-relationships-and-build-your-business/index.html]
[bfarm.com/wp-content/uploads/elementor/css/post-9954fe7.css]
[bfarm.com/wp-content/uploads/2023/09/program_5daf4d1dc3a1c558830346_1920_1080-565x373.jpg]
[bfarm.com/farmers-plant-milkweed-for-native-pollinator-habitat/index.html]
[bfarm.com/wp-content/uploads/elementor/css/post-1002eb1c.css]
[bfarm.com/wp-content/uploads/2023/09/WBCmeeting.jpg]
[bfarm.com/wildlife-conservation-board-funds-environmental-improvement-and-acquisition-projects/index.html]
[bfarm.com/wp-content/uploads/elementor/css/post-10092fc6.css]
[bfarm.com/wp-content/uploads/2023/09/4645_p2_20180905melonharvestCAS128.jpg]
[bfarm.com/commentary-to-advance-agriculture-we-must-break-down-silos/index.html]
[bfarm.com/wp-content/uploads/elementor/css/post-1019a6fc.css]
[bfarm.com/wp-content/uploads/2023/09/270_Cotton_Fibershed10152018_paigegreen-copy.jpg]
[bfarm.com/wp-content/uploads/2023/09/cotton-collage-1.jpg]
[bfarm.com/wp-content/uploads/2023/09/cotton-collage-5.jpg]
[bfarm.com/wp-content/uploads/2023/09/My-Post-50.jpg]
[bfarm.com/wp-content/uploads/2023/09/cotton-collage-2.jpg]
[bfarm.com/wp-content/uploads/2023/09/cotton-collage-4.jpg]
[bfarm.com/california-cotton-fields-can-cotton-be-climate-beneficial/index.html]
[bfarm.com/wp-content/uploads/2023/09/D11FB557B363461DBC407D641BEA6720.jpg]
[bfarm.com/category/uncategorized/page/2/index.html]
[bfarm.com/wp-content/uploads/2023/09/53598_original.jpg]
[bfarm.com/category/uncategorized/page/3/index.html]
[bfarm.com/wp-content/plugins/elementor/assets/lib/font-awesome/css/fontawesome.min52d5.css]
[bfarm.com/wp-content/plugins/elementor/assets/lib/font-awesome/webfonts/fa-regular-400.eot]
[bfarm.com/wp-content/plugins/elementor/assets/lib/font-awesome/webfonts/fa-regular-400d41d.eot]
[bfarm.com/wp-content/plugins/elementor/assets/lib/font-awesome/webfonts/fa-regular-400.woff2]
[bfarm.com/wp-content/plugins/elementor/assets/lib/font-awesome/webfonts/fa-regular-400.woff]
[bfarm.com/wp-content/plugins/elementor/assets/lib/font-awesome/webfonts/fa-regular-400.ttf]
[bfarm.com/wp-content/plugins/elementor/assets/lib/font-awesome/css/regular.min52d5.css]
[bfarm.com/wp-content/plugins/elementor/assets/lib/font-awesome/webfonts/fa-regular-400.svg]
[bfarm.com/wp-content/plugins/elementor/assets/lib/font-awesome/webfonts/fa-solid-900.eot]
[bfarm.com/wp-content/plugins/elementor/assets/lib/font-awesome/webfonts/fa-solid-900d41d.eot]
[bfarm.com/wp-content/plugins/elementor/assets/lib/font-awesome/webfonts/fa-solid-900.woff2]
[bfarm.com/wp-content/plugins/elementor/assets/lib/font-awesome/webfonts/fa-solid-900.woff]
[bfarm.com/wp-content/plugins/elementor/assets/lib/font-awesome/webfonts/fa-solid-900.ttf]
[bfarm.com/wp-content/plugins/elementor/assets/lib/font-awesome/css/solid.min52d5.css]
[bfarm.com/wp-content/plugins/elementor/assets/css/widget-heading.min3ea8.css]
[bfarm.com/wp-content/plugins/elementor/assets/css/widget-image.min3ea8.css]
[bfarm.com/wp-content/plugins/elementor/assets/css/widget-text-editor.min3ea8.css]
[bfarm.com/wp-content/plugins/elementor/assets/lib/swiper/v8/css/swiper.min94a4.css]
[bfarm.com/wp-content/plugins/elementor/assets/css/conditionals/e-swiper.min3ea8.css]
[bfarm.com/wp-content/plugins/elementor/assets/css/widget-image-gallery.min3ea8.css]
[bfarm.com/wp-content/uploads/elementor/css/post-8421d98.css]
[bfarm.com/index22b3.html]
[bfarm.com/wp-content/uploads/elementor/css/post-8601d98.css]
[bfarm.com/index08e2.html]
[bfarm.com/wp-content/plugins/elementor/assets/css/widget-video.min3ea8.css]
[bfarm.com/wp-content/uploads/elementor/css/post-8661d98.css]
[bfarm.com/indexb4d9.html]
[bfarm.com/wp-content/uploads/elementor/css/post-9241d98.css]
[bfarm.com/index6cd8.html]
[bfarm.com/wp-content/uploads/elementor/css/post-9311d98.css]
[bfarm.com/indexf785.html]
[bfarm.com/wp-content/uploads/elementor/css/post-9457e6f.css]
[bfarm.com/index2a8d.html]
[bfarm.com/wp-content/uploads/elementor/css/post-9527e6f.css]
[bfarm.com/index1025.html]
[bfarm.com/wp-content/plugins/elementor/assets/lib/font-awesome/webfonts/fa-solid-900.svg]
[bfarm.com/study-shows-tons-of-unharvested-produce-in-california-left-to-rot-in-the-fields/index.html]
[bfarm.com/wp-content/uploads/elementor/css/post-1037effa.css]
[bfarm.com/wp-content/uploads/elementor/css/post-10432ab0.css]
[bfarm.com/wp-content/uploads/2023/09/hemp-advocacy.jpg]
[bfarm.com/new-u-s-hemp-lobby-formed-as-research-reveals-industrys-potential/index.html]
[bfarm.com/wp-content/uploads/elementor/css/post-10503928.css]
[bfarm.com/wp-content/uploads/2023/09/hemp_getty.jpg]
[bfarm.com/new-hemp-trade-group-presses-lawmakers-on-immigration-reform-regs/index.html]
[bfarm.com/wp-content/uploads/elementor/css/post-10565ff7.css]
[bfarm.com/wp-content/uploads/2023/09/IMG_0003.jpg]
[bfarm.com/new-hemp-federation-heads-to-dc-as-farmers-face-lack-of-markets/index.html]
[bfarm.com/wp-content/uploads/elementor/css/post-106832dc.css]
[bfarm.com/wp-content/uploads/2023/09/image.jpg]
[bfarm.com/making-a-positive-difference-for-the-valley-mark-borba-named-agriculturalist-of-the-year/index.html]
[bfarm.com/fresno-chamber-of-commerce-honors-agriculturalists-during-annual-luncheon/index.html]
[bfarm.com/wp-content/uploads/elementor/css/post-10627897.css]
[bfarm.com/wp-content/uploads/elementor/css/post-10743886.css]
[bfarm.com/wp-content/uploads/2023/09/058-BowlesFibershed08062018paigegreen.jpg]
[bfarm.com/wp-content/uploads/2023/09/047-BowlesFibershed08062018paigegreen.jpg]
[bfarm.com/wp-content/uploads/2023/09/055-BowlesFibershed08062018paigegreen.jpg]
[bfarm.com/wp-content/uploads/2023/09/Bowles-melons.jpg]
[bfarm.com/wp-content/uploads/2023/09/Bowles-irrigation.jpg]
[bfarm.com/wp-content/uploads/2023/09/Bowles-biodiversity-2.jpg]
[bfarm.com/wp-content/uploads/2023/09/Bowles-milkweed.jpg]
[bfarm.com/wp-content/uploads/2023/09/059-BowlesFibershed08062018paigegreen.jpg]
[bfarm.com/california-cotton-fields-scaling-carbon-farming-practices-with-bowles-farming-company/index.html]
[bfarm.com/wp-content/uploads/elementor/css/post-10809dc6.css]
[bfarm.com/wp-content/uploads/2023/09/FRS_JRWFOODLOSSLOSBANOSTOMA.jpg]
[bfarm.com/wp-content/uploads/2023/09/FRS_JRWFOODLOSSEGGPLANTHARV.jpg]
[bfarm.com/wp-content/uploads/2023/09/FRS_JRWFOODLOSSEGGPLANTPICK.jpg]
[bfarm.com/california-families-at-risk-for-hunger-while-a-third-of-crops-left-to-rot-on-farms/index.html]
[bfarm.com/wp-content/uploads/elementor/css/post-10871f51.css]
[bfarm.com/wp-content/uploads/2023/09/Garlic-harvest-at-Bowles-Farming-Company.jpg]
[bfarm.com/how-a-big-farm-guards-its-delicate-ecosystem/index.html]
[bfarm.com/wp-content/uploads/elementor/css/post-10937624.css]
[bfarm.com/wp-content/uploads/2023/09/feature_IMG_0097.jpg]
[bfarm.com/bowles-farming-company-finds-leaders-from-within/index.html]
[bfarm.com/wp-content/uploads/elementor/css/post-1099283f.css]
[bfarm.com/wp-content/uploads/2023/09/53596_original.jpg]
[bfarm.com/wp-content/uploads/2023/09/53599_original.jpg]
[bfarm.com/wp-content/uploads/2023/09/53597_original.jpg]
[bfarm.com/wp-content/uploads/2023/09/53600_original.jpg]
[bfarm.com/wp-content/uploads/2023/09/53601_original.jpg]
[bfarm.com/wp-content/uploads/2023/09/53602_original.jpg]
[bfarm.com/wp-content/uploads/2023/09/53603_original.jpg]
[bfarm.com/wp-content/uploads/2023/09/53604_original.jpg]
[bfarm.com/wp-content/uploads/2023/09/53605_original.jpg]
[bfarm.com/ucce-helps-farmers-see-the-potential-in-agricultural-use-of-drones/index.html]
[bfarm.com/wp-content/plugins/elementor/assets/css/widget-image-carousel.min3ea8.css]
[bfarm.com/wp-content/uploads/elementor/css/post-1108f7be.css]
[bfarm.com/wp-content/uploads/2023/09/DJI_0083.jpg]
[bfarm.com/wp-content/uploads/2023/09/Solar4.jpg]
[bfarm.com/wp-content/uploads/2023/09/DJI_0083-1.jpg]
[bfarm.com/wp-content/uploads/2023/09/DJI_0102.jpg]
[bfarm.com/wp-content/uploads/2023/09/Solar3.jpg]
[bfarm.com/wp-content/uploads/2023/09/Solar2.jpg]
[bfarm.com/our-solar-project/index.html]
[bfarm.com/wp-content/uploads/elementor/css/post-144890a6.css]
[bfarm.com/wp-content/uploads/2023/09/DSCN65261.jpg]
[bfarm.com/wp-content/uploads/2023/09/DSCN6497-300x225-1.jpg]
[bfarm.com/wp-content/uploads/2023/09/DSCN6503-300x225-1.jpg]
[bfarm.com/wp-content/uploads/2023/09/DSCN6523-300x225-1.jpg]
[bfarm.com/wp-content/uploads/2023/09/DSCN6516-300x225-1.jpg]
[bfarm.com/wp-content/uploads/2023/09/DSCN6509-300x225-1.jpg]
[bfarm.com/wp-content/uploads/2023/09/DSCN6529-300x225-2.jpg]
[bfarm.com/wp-content/uploads/2023/09/DSCN6530-300x225-1.jpg]
[bfarm.com/wp-content/uploads/2023/09/DSCN6533-300x225-1.jpg]
[bfarm.com/wp-content/uploads/2023/09/DSCN6497-300x225-2.jpg]
[bfarm.com/wp-content/uploads/2023/09/image-asset-3.jpg]
[bfarm.com/wp-content/uploads/2023/09/DSCN6441-300x225-1.jpg]
[bfarm.com/wp-content/uploads/2023/09/DSCN6451-300x225-1.jpg]
[bfarm.com/wp-content/uploads/2023/09/DSCN6476-300x225-1.jpg]
[bfarm.com/wp-content/uploads/2023/09/DSCN6478-300x225-1.jpg]
[bfarm.com/watermelon-harvest-packing/index.html]
[bfarm.com/wp-content/uploads/elementor/css/post-142931d7.css]
[bfarm.com/wp-content/uploads/2023/09/DSCN6960.jpg]
[bfarm.com/wp-content/uploads/2023/09/DSCN6938-300x225-1.jpg]
[bfarm.com/wp-content/uploads/2023/09/DSCN6940-300x225-1.jpg]
[bfarm.com/wp-content/uploads/2023/09/image-asset.jpg]
[bfarm.com/wp-content/uploads/2023/09/image-asset-1.jpg]
[bfarm.com/wp-content/uploads/2023/09/DSCN6955-300x225-1.jpg]
[bfarm.com/wp-content/uploads/2023/09/image-asset-2.jpg]
[bfarm.com/basil-harvesting-processing/index.html]
[bfarm.com/wp-content/uploads/elementor/css/post-1125d571.css]
[bfarm.com/wp-content/uploads/2023/09/cannon-michael-and-ann-hayden.jpg]
[bfarm.com/environmental-defense-fund-picks-cannons-thoughts/index.html]
[bfarm.com/wp-content/uploads/elementor/css/post-1131b0fe.css]
[bfarm.com/wp-content/uploads/2023/09/BN-SA393_COTTON_H_20170208172957.jpg]
[bfarm.com/wp-content/uploads/2023/09/BN-SA389_COTTON_M_20170208172957.jpg]
[bfarm.com/wp-content/uploads/2023/09/BN-SA391_COTTON_M_20170208172957.jpg]
[bfarm.com/wp-content/uploads/2023/09/BN-SA395_COTTON_M_20170208173004.jpg]
[bfarm.com/wp-content/uploads/2023/09/BN-SA399_COTTON_M_20170208173005.jpg]
[bfarm.com/wp-content/uploads/2023/09/BN-SA400_COTTON_M_20170208173005.jpg]
[bfarm.com/trumps-trade-policies-worry-u-s-cotton-farmers/index.html]
[bfarm.com/wp-content/uploads/elementor/css/post-9639cde.css]
[bfarm.com/indexc9f9.html]
[bfarm.com/wp-content/uploads/elementor/css/post-986dec4.css]
[bfarm.com/index80ad.html]
[bfarm.com/wp-content/uploads/elementor/css/post-9954fe7.css]
[bfarm.com/indexac83.html]
[bfarm.com/wp-content/uploads/elementor/css/post-1002eb1c.css]
[bfarm.com/index50b4.html]
[bfarm.com/wp-content/uploads/elementor/css/post-10092fc6.css]
[bfarm.com/indexb6d0.html]
[bfarm.com/wp-content/uploads/elementor/css/post-1019a6fc.css]
[bfarm.com/index1bd8.html]
[bfarm.com/wp-content/plugins/elementor/assets/lib/font-awesome/webfonts/fa-regular-400.svg]
[bfarm.com/wp-content/plugins/elementor/assets/lib/font-awesome/webfonts/fa-solid-900.svg]
[bfarm.com/wp-content/uploads/elementor/css/post-1037effa.css]
[bfarm.com/indexea31.html]
[bfarm.com/wp-content/uploads/elementor/css/post-10432ab0.css]
[bfarm.com/index080f.html]
[bfarm.com/wp-content/uploads/elementor/css/post-10503928.css]
[bfarm.com/index93a0.html]
[bfarm.com/wp-content/uploads/elementor/css/post-10565ff7.css]
[bfarm.com/index3f75.html]
[bfarm.com/wp-content/uploads/elementor/css/post-106832dc.css]
[bfarm.com/index8600.html]
[bfarm.com/wp-content/uploads/elementor/css/post-10627897.css]
[bfarm.com/index942e.html]
[bfarm.com/wp-content/uploads/elementor/css/post-10743886.css]
[bfarm.com/index6f0d.html]
[bfarm.com/wp-content/uploads/elementor/css/post-10809dc6.css]
[bfarm.com/indexc7c9.html]
[bfarm.com/wp-content/uploads/elementor/css/post-10871f51.css]
[bfarm.com/index4413.html]
[bfarm.com/wp-content/uploads/elementor/css/post-10937624.css]
[bfarm.com/index9a65.html]
[bfarm.com/wp-content/uploads/elementor/css/post-1099283f.css]
[bfarm.com/index8f31.html]
[bfarm.com/wp-content/plugins/elementor/assets/css/widget-image-carousel.min3ea8.css]
[bfarm.com/wp-content/uploads/elementor/css/post-1108f7be.css]
[bfarm.com/index9fb6.html]
[bfarm.com/wp-content/uploads/elementor/css/post-144890a6.css]
[bfarm.com/index9a20.html]
[bfarm.com/wp-content/uploads/elementor/css/post-142931d7.css]
[bfarm.com/index919b.html]
[bfarm.com/wp-content/uploads/elementor/css/post-1125d571.css]
[bfarm.com/indexb3e2.html]
[bfarm.com/wp-content/uploads/elementor/css/post-1131b0fe.css]
[bfarm.com/index3d91.html]
